19:48:13 **** Incremental Build of configuration Debug for project HelloWord ****
make -j4 all 
arm-none-eabi-gcc "../Src/main.c" -mcpu=cortex-m4 -std=gnu11 -g3 -DSTM32 -DSTM32F407G_DISC1 -DSTM32F4 -DSTM32F407VGTx -DDEBUG -c -I../Inc -O0 -ffunction-sections -fdata-sections -Wall -fstack-usage -MMD -MP -MF"Src/main.d" -MT"Src/main.o" --specs=nano.specs -mfloat-abi=soft -mthumb -o "Src/main.o"
arm-none-eabi-gcc -o "HelloWord.elf" @"objects.list"   -mcpu=cortex-m4 -T"D:\UiPath\Microcontroller Embedded C\Main\My_Workspace\Target\HelloWord\STM32F407VGTX_FLASH.ld" --specs=nosys.specs -Wl,-Map="HelloWord.map" -Wl,--gc-sections -static --specs=nano.specs -mfloat-abi=soft -mthumb -Wl,--start-group -lc -lm -Wl,--end-group
c:\st\stm32cubeide_1.3.0\stm32cubeide\plugins\com.st.stm32cube.ide.mcu.externaltools.gnu-tools-for-stm32.7-2018-q2-update.win32_1.0.0.201904181610\tools\arm-none-eabi\bin\ld.exe: error: Src/syscalls.o uses VFP register arguments, HelloWord.elf does not
c:\st\stm32cubeide_1.3.0\stm32cubeide\plugins\com.st.stm32cube.ide.mcu.externaltools.gnu-tools-for-stm32.7-2018-q2-update.win32_1.0.0.201904181610\tools\arm-none-eabi\bin\ld.exe: failed to merge target specific data of file Src/syscalls.o
c:\st\stm32cubeide_1.3.0\stm32cubeide\plugins\com.st.stm32cube.ide.mcu.externaltools.gnu-tools-for-stm32.7-2018-q2-update.win32_1.0.0.201904181610\tools\arm-none-eabi\bin\ld.exe: error: Src/sysmem.o uses VFP register arguments, HelloWord.elf does not
c:\st\stm32cubeide_1.3.0\stm32cubeide\plugins\com.st.stm32cube.ide.mcu.externaltools.gnu-tools-for-stm32.7-2018-q2-update.win32_1.0.0.201904181610\tools\arm-none-eabi\bin\ld.exe: failed to merge target specific data of file Src/sysmem.o
collect2.exe: error: ld returned 1 exit status
make: *** [makefile:43: HelloWord.elf] Error 1
"make -j4 all" terminated with exit code 2. Build might be incomplete.
19:50:02 **** Incremental Build of configuration Debug for project HelloWord ****
make -j4 all 
arm-none-eabi-gcc -o "HelloWord.elf" @"objects.list"   -mcpu=cortex-m4 -T"D:\UiPath\Microcontroller Embedded C\Main\My_Workspace\Target\HelloWord\STM32F407VGTX_FLASH.ld" --specs=nosys.specs -Wl,-Map="HelloWord.map" -Wl,--gc-sections -static --specs=nano.specs -mfpu=fpv4-sp-d16 -mfloat-abi=hard -mthumb -Wl,--start-group -lc -lm -Wl,--end-group
c:\st\stm32cubeide_1.3.0\stm32cubeide\plugins\com.st.stm32cube.ide.mcu.externaltools.gnu-tools-for-stm32.7-2018-q2-update.win32_1.0.0.201904181610\tools\arm-none-eabi\bin\ld.exe: error: HelloWord.elf uses VFP register arguments, Src/main.o does not
c:\st\stm32cubeide_1.3.0\stm32cubeide\plugins\com.st.stm32cube.ide.mcu.externaltools.gnu-tools-for-stm32.7-2018-q2-update.win32_1.0.0.201904181610\tools\arm-none-eabi\bin\ld.exe: failed to merge target specific data of file Src/main.o
collect2.exe: error: ld returned 1 exit status
make: *** [makefile:43: HelloWord.elf] Error 1
"make -j4 all" terminated with exit code 2. Build might be incomplete.
19:50:13 **** Incremental Build of configuration Debug for project HelloWord ****
make -j4 all 
arm-none-eabi-gcc -o "HelloWord.elf" @"objects.list"   -mcpu=cortex-m4 -T"D:\UiPath\Microcontroller Embedded C\Main\My_Workspace\Target\HelloWord\STM32F407VGTX_FLASH.ld" --specs=nosys.specs -Wl,-Map="HelloWord.map" -Wl,--gc-sections -static --specs=nano.specs -mfpu=fpv4-sp-d16 -mfloat-abi=hard -mthumb -Wl,--start-group -lc -lm -Wl,--end-group
c:\st\stm32cubeide_1.3.0\stm32cubeide\plugins\com.st.stm32cube.ide.mcu.externaltools.gnu-tools-for-stm32.7-2018-q2-update.win32_1.0.0.201904181610\tools\arm-none-eabi\bin\ld.exe: error: HelloWord.elf uses VFP register arguments, Src/main.o does not
c:\st\stm32cubeide_1.3.0\stm32cubeide\plugins\com.st.stm32cube.ide.mcu.externaltools.gnu-tools-for-stm32.7-2018-q2-update.win32_1.0.0.201904181610\tools\arm-none-eabi\bin\ld.exe: failed to merge target specific data of file Src/main.o
collect2.exe: error: ld returned 1 exit status
make: *** [makefile:43: HelloWord.elf] Error 1
"make -j4 all" terminated with exit code 2. Build might be incomplete.
16:15:53 **** Build of configuration Debug for project add ****
make -j4 all 
arm-none-eabi-gcc -mcpu=cortex-m4 -g3 -c -x assembler-with-cpp --specs=nano.specs -mfpu=fpv4-sp-d16 -mfloat-abi=hard -mthumb -o "Startup/startup_stm32f407vgtx.o" "../Startup/startup_stm32f407vgtx.s"
arm-none-eabi-gcc "../Src/main.c" -mcpu=cortex-m4 -std=gnu11 -g3 -DSTM32 -DSTM32F407G_DISC1 -DSTM32F4 -DSTM32F407VGTx -DDEBUG -c -I../Inc -O0 -ffunction-sections -fdata-sections -Wall -fstack-usage -MMD -MP -MF"Src/main.d" -MT"Src/main.o" --specs=nano.specs -mfpu=fpv4-sp-d16 -mfloat-abi=hard -mthumb -o "Src/main.o"
arm-none-eabi-gcc "../Src/syscalls.c" -mcpu=cortex-m4 -std=gnu11 -g3 -DSTM32 -DSTM32F407G_DISC1 -DSTM32F4 -DSTM32F407VGTx -DDEBUG -c -I../Inc -O0 -ffunction-sections -fdata-sections -Wall -fstack-usage -MMD -MP -MF"Src/syscalls.d" -MT"Src/syscalls.o" --specs=nano.specs -mfpu=fpv4-sp-d16 -mfloat-abi=hard -mthumb -o "Src/syscalls.o"
arm-none-eabi-gcc "../Src/sysmem.c" -mcpu=cortex-m4 -std=gnu11 -g3 -DSTM32 -DSTM32F407G_DISC1 -DSTM32F4 -DSTM32F407VGTx -DDEBUG -c -I../Inc -O0 -ffunction-sections -fdata-sections -Wall -fstack-usage -MMD -MP -MF"Src/sysmem.d" -MT"Src/sysmem.o" --specs=nano.specs -mfpu=fpv4-sp-d16 -mfloat-abi=hard -mthumb -o "Src/sysmem.o"
../Src/main.c:21:4: warning: #warning "FPU is not initialized, but the project is compiling for an FPU. Please initialize the FPU before use." [-Wcpp]
   #warning "FPU is not initialized, but the project is compiling for an FPU. Please initialize the FPU before use."
    ^~~~~~~
arm-none-eabi-gcc -o "add.elf" @"objects.list"   -mcpu=cortex-m4 -T"D:\UiPath\Microcontroller Embedded C\Main\My_Workspace\Target\add\STM32F407VGTX_FLASH.ld" --specs=nosys.specs -Wl,-Map="add.map" -Wl,--gc-sections -static --specs=nano.specs -mfpu=fpv4-sp-d16 -mfloat-abi=hard -mthumb -Wl,--start-group -lc -lm -Wl,--end-group
Finished building target: add.elf
 
arm-none-eabi-size   add.elf 
arm-none-eabi-objdump -h -S  add.elf  > "add.list"
arm-none-eabi-objcopy  -O binary  add.elf  "add.bin"
   text	   data	    bss	    dec	    hex	filename
    676	      8	   1568	   2252	    8cc	add.elf
Finished building: default.size.stdout
 
Finished building: add.bin
Finished building: add.list
 
 
16:19:18 **** Incremental Build of configuration Debug for project add ****
make -j4 all 
arm-none-eabi-size   add.elf 
   text	   data	    bss	    dec	    hex	filename
    676	      8	   1568	   2252	    8cc	add.elf
Finished building: default.size.stdout
 
16:22:22 **** Incremental Build of configuration Debug for project add ****
make -j4 all 
arm-none-eabi-size   add.elf 
   text	   data	    bss	    dec	    hex	filename
    676	      8	   1568	   2252	    8cc	add.elf
Finished building: default.size.stdout
 
