14:50:56 **** Incremental Build of configuration Debug for project HelloWord ****
make -j4 all 
arm-none-eabi-size   HelloWord.elf 
   text	   data	    bss	    dec	    hex	filename
    676	      8	   1568	   2252	    8cc	HelloWord.elf
Finished building: default.size.stdout
 
14:57:14 **** Incremental Build of configuration Debug for project HelloWord ****
make -j4 all 
arm-none-eabi-size   HelloWord.elf 
   text	   data	    bss	    dec	    hex	filename
    676	      8	   1568	   2252	    8cc	HelloWord.elf
Finished building: default.size.stdout
 
14:59:02 **** Incremental Build of configuration Debug for project HelloWord ****
make -j4 all 
arm-none-eabi-size   HelloWord.elf 
   text	   data	    bss	    dec	    hex	filename
    676	      8	   1568	   2252	    8cc	HelloWord.elf
Finished building: default.size.stdout
 
14:59:36 **** Incremental Build of configuration Debug for project HelloWord ****
make -j4 all 
arm-none-eabi-size   HelloWord.elf 
   text	   data	    bss	    dec	    hex	filename
    676	      8	   1568	   2252	    8cc	HelloWord.elf
Finished building: default.size.stdout
 
15:04:10 **** Incremental Build of configuration Debug for project HelloWord ****
make -j4 all 
arm-none-eabi-size   HelloWord.elf 
   text	   data	    bss	    dec	    hex	filename
    676	      8	   1568	   2252	    8cc	HelloWord.elf
Finished building: default.size.stdout
 
15:40:28 **** Incremental Build of configuration Debug for project HelloWord ****
make -j4 all 
arm-none-eabi-size   HelloWord.elf 
   text	   data	    bss	    dec	    hex	filename
    676	      8	   1568	   2252	    8cc	HelloWord.elf
Finished building: default.size.stdout
 
15:41:19 **** Incremental Build of configuration Debug for project HelloWord ****
make -j4 all 
arm-none-eabi-size   HelloWord.elf 
   text	   data	    bss	    dec	    hex	filename
    676	      8	   1568	   2252	    8cc	HelloWord.elf
Finished building: default.size.stdout
 
15:45:54 **** Incremental Build of configuration Debug for project HelloWord ****
make -j4 all 
arm-none-eabi-size   HelloWord.elf 
   text	   data	    bss	    dec	    hex	filename
    676	      8	   1568	   2252	    8cc	HelloWord.elf
Finished building: default.size.stdout
 
15:49:59 **** Incremental Build of configuration Debug for project HelloWord ****
make -j4 all 
arm-none-eabi-size   HelloWord.elf 
   text	   data	    bss	    dec	    hex	filename
    676	      8	   1568	   2252	    8cc	HelloWord.elf
Finished building: default.size.stdout
 
16:44:53 **** Incremental Build of configuration Debug for project HelloWord ****
make -j4 all 
arm-none-eabi-size   HelloWord.elf 
   text	   data	    bss	    dec	    hex	filename
    676	      8	   1568	   2252	    8cc	HelloWord.elf
Finished building: default.size.stdout
 
17:05:00 **** Incremental Build of configuration Debug for project HelloWord ****
make -j4 all 
arm-none-eabi-size   HelloWord.elf 
   text	   data	    bss	    dec	    hex	filename
    676	      8	   1568	   2252	    8cc	HelloWord.elf
Finished building: default.size.stdout
 
17:08:21 **** Incremental Build of configuration Debug for project HelloWord ****
make -j4 all 
arm-none-eabi-size   HelloWord.elf 
   text	   data	    bss	    dec	    hex	filename
    676	      8	   1568	   2252	    8cc	HelloWord.elf
Finished building: default.size.stdout
 
17:17:49 **** Incremental Build of configuration Debug for project HelloWord ****
make -j4 all 
arm-none-eabi-size   HelloWord.elf 
   text	   data	    bss	    dec	    hex	filename
    676	      8	   1568	   2252	    8cc	HelloWord.elf
Finished building: default.size.stdout
 
17:24:31 **** Incremental Build of configuration Debug for project HelloWord ****
make -j4 all 
arm-none-eabi-size   HelloWord.elf 
   text	   data	    bss	    dec	    hex	filename
    676	      8	   1568	   2252	    8cc	HelloWord.elf
Finished building: default.size.stdout
 
17:27:12 **** Incremental Build of configuration Debug for project HelloWord ****
make -j4 all 
arm-none-eabi-size   HelloWord.elf 
   text	   data	    bss	    dec	    hex	filename
    676	      8	   1568	   2252	    8cc	HelloWord.elf
Finished building: default.size.stdout
 
