14:21:30 **** Build of configuration Debug for project inline_2 ****
make -j4 all 
arm-none-eabi-gcc -mcpu=cortex-m0 -g3 -c -x assembler-with-cpp --specs=nano.specs -mfloat-abi=soft -mthumb -o "Startup/startup_stm32f051r8tx.o" "../Startup/startup_stm32f051r8tx.s"
arm-none-eabi-gcc "../Src/main.c" -mcpu=cortex-m0 -std=gnu11 -g3 -DSTM32F0DISCOVERY -DSTM32 -DSTM32F0 -DDEBUG -DSTM32F051R8Tx -c -I../Inc -O0 -ffunction-sections -fdata-sections -Wall -fstack-usage -MMD -MP -MF"Src/main.d" -MT"Src/main.o" --specs=nano.specs -mfloat-abi=soft -mthumb -o "Src/main.o"
arm-none-eabi-gcc "../Src/syscalls.c" -mcpu=cortex-m0 -std=gnu11 -g3 -DSTM32F0DISCOVERY -DSTM32 -DSTM32F0 -DDEBUG -DSTM32F051R8Tx -c -I../Inc -O0 -ffunction-sections -fdata-sections -Wall -fstack-usage -MMD -MP -MF"Src/syscalls.d" -MT"Src/syscalls.o" --specs=nano.specs -mfloat-abi=soft -mthumb -o "Src/syscalls.o"
arm-none-eabi-gcc "../Src/sysmem.c" -mcpu=cortex-m0 -std=gnu11 -g3 -DSTM32F0DISCOVERY -DSTM32 -DSTM32F0 -DDEBUG -DSTM32F051R8Tx -c -I../Inc -O0 -ffunction-sections -fdata-sections -Wall -fstack-usage -MMD -MP -MF"Src/sysmem.d" -MT"Src/sysmem.o" --specs=nano.specs -mfloat-abi=soft -mthumb -o "Src/sysmem.o"
arm-none-eabi-gcc -o "inline_2.elf" @"objects.list"   -mcpu=cortex-m0 -T"D:\UiPath\Microcontroller Embedded C\Main\My_Workspace\Host\inline_2\STM32F051R8TX_FLASH.ld" --specs=nosys.specs -Wl,-Map="inline_2.map" -Wl,--gc-sections -static --specs=nano.specs -mfloat-abi=soft -mthumb -Wl,--start-group -lc -lm -Wl,--end-group
Finished building target: inline_2.elf
 
arm-none-eabi-size   inline_2.elf 
arm-none-eabi-objdump -h -S  inline_2.elf  > "inline_2.list"
arm-none-eabi-objcopy  -O binary  inline_2.elf  "inline_2.bin"
   text	   data	    bss	    dec	    hex	filename
    472	      8	   1568	   2048	    800	inline_2.elf
Finished building: default.size.stdout
 
Finished building: inline_2.list
Finished building: inline_2.bin
 
 

14:21:38 Build Finished. 0 errors, 0 warnings. (took 7s.798ms)

